[pixydrops.com/notechhtml/main-html/index-dark.html]
[backblue.gif]
[fade.gif]
[index.html]
[pixydrops.com/notechhtml/main-html/assets/images/favicons/apple-touch-icon.png]
[pixydrops.com/notechhtml/main-html/assets/images/favicons/favicon-32x32.png]
[pixydrops.com/notechhtml/main-html/assets/images/favicons/favicon-16x16.png]
[pixydrops.com/notechhtml/main-html/assets/images/favicons/site.webmanifest]
[pixydrops.com/notechhtml/main-html/assets/vendors/bootstrap/css/bootstrap.min.css]
[pixydrops.com/notechhtml/main-html/assets/vendors/animate/animate.min.css]
[pixydrops.com/notechhtml/main-html/assets/vendors/animate/custom-animate.css]
[pixydrops.com/notechhtml/main-html/assets/vendors/fontawesome/css/all.min.css]
[pixydrops.com/notechhtml/main-html/assets/vendors/jarallax/jarallax.css]
[pixydrops.com/notechhtml/main-html/assets/vendors/jquery-magnific-popup/jquery.magnific-popup.css]
[pixydrops.com/notechhtml/main-html/assets/vendors/nouislider/nouislider.min.css]
[pixydrops.com/notechhtml/main-html/assets/vendors/nouislider/nouislider.pips.css]
[pixydrops.com/notechhtml/main-html/assets/vendors/odometer/odometer.min.css]
[pixydrops.com/notechhtml/main-html/assets/vendors/swiper/swiper.min.css]
[pixydrops.com/notechhtml/main-html/assets/vendors/notech-icons/style.css]
[pixydrops.com/notechhtml/main-html/assets/vendors/notech-two-icons/style.css]
[pixydrops.com/notechhtml/main-html/assets/vendors/tiny-slider/tiny-slider.min.css]
[pixydrops.com/notechhtml/main-html/assets/vendors/reey-font/stylesheet.css]
[pixydrops.com/notechhtml/main-html/assets/vendors/owl-carousel/owl.carousel.min.css]
[pixydrops.com/notechhtml/main-html/assets/vendors/owl-carousel/owl.theme.default.min.css]
[pixydrops.com/notechhtml/main-html/assets/vendors/bxslider/jquery.bxslider.css]
[pixydrops.com/notechhtml/main-html/assets/vendors/bootstrap-select/css/bootstrap-select.min.css]
[pixydrops.com/notechhtml/main-html/assets/vendors/vegas/vegas.min.css]
[pixydrops.com/notechhtml/main-html/assets/vendors/jquery-ui/jquery-ui.css]
[pixydrops.com/notechhtml/main-html/assets/vendors/timepicker/timePicker.css]
[pixydrops.com/notechhtml/main-html/assets/css/notech.css]
[pixydrops.com/notechhtml/main-html/assets/css/notech-responsive.css]
[pixydrops.com/notechhtml/main-html/assets/css/notech-dark.css]
[pixydrops.com/notechhtml/main-html/assets/vendors/toolbar/css/toolbar.css]
[pixydrops.com/notechhtml/main-html/assets/images/loader.png]
[pixydrops.com/notechhtml/main-html/index.html]
[pixydrops.com/notechhtml/main-html/assets/images/resources/logo-1.png]
[pixydrops.com/notechhtml/main-html/assets/images/resources/logo-2.png]
[pixydrops.com/notechhtml/main-html/assets/images/resources/megamenu-box-img-1.jpg]
[pixydrops.com/notechhtml/main-html/index-one-page.html]
[pixydrops.com/notechhtml/main-html/assets/images/resources/megamenu-box-img-2.jpg]
[pixydrops.com/notechhtml/main-html/index2.html]
[pixydrops.com/notechhtml/main-html/index2-one-page.html]
[pixydrops.com/notechhtml/main-html/assets/images/resources/megamenu-box-img-3.jpg]
[pixydrops.com/notechhtml/main-html/index3.html]
[pixydrops.com/notechhtml/main-html/index3-one-page.html]
[pixydrops.com/notechhtml/main-html/assets/images/resources/megamenu-box-img-4.jpg]
[pixydrops.com/notechhtml/main-html/about.html]
[pixydrops.com/notechhtml/main-html/team.html]
[pixydrops.com/notechhtml/main-html/team-carousel.html]
[pixydrops.com/notechhtml/main-html/team-details.html]
[pixydrops.com/notechhtml/main-html/pricing.html]
[pixydrops.com/notechhtml/main-html/testimonial.html]
[pixydrops.com/notechhtml/main-html/testimonials-carousel.html]
[pixydrops.com/notechhtml/main-html/gallery.html]
[pixydrops.com/notechhtml/main-html/gallery-carousel.html]
[pixydrops.com/notechhtml/main-html/faq.html]
[pixydrops.com/notechhtml/main-html/404.html]
[pixydrops.com/notechhtml/main-html/services.html]
[pixydrops.com/notechhtml/main-html/services2.html]
[pixydrops.com/notechhtml/main-html/services3.html]
[pixydrops.com/notechhtml/main-html/services4.html]
[pixydrops.com/notechhtml/main-html/service2-carousel.html]
[pixydrops.com/notechhtml/main-html/product-development.html]
[pixydrops.com/notechhtml/main-html/ui-ux-designing.html]
[pixydrops.com/notechhtml/main-html/digital-marketing.html]
[pixydrops.com/notechhtml/main-html/content-management.html]
[pixydrops.com/notechhtml/main-html/data-analysis.html]
[pixydrops.com/notechhtml/main-html/projects-page-1.html]
[pixydrops.com/notechhtml/main-html/project-carousel-1.html]
[pixydrops.com/notechhtml/main-html/projects-page-2.html]
[pixydrops.com/notechhtml/main-html/project-carousel-2.html]
[pixydrops.com/notechhtml/main-html/project-details.html]
[pixydrops.com/notechhtml/main-html/products.html]
[pixydrops.com/notechhtml/main-html/product-details.html]
[pixydrops.com/notechhtml/main-html/cart.html]
[pixydrops.com/notechhtml/main-html/checkout.html]
[pixydrops.com/notechhtml/main-html/blog.html]
[pixydrops.com/notechhtml/main-html/blog-carousel.html]
[pixydrops.com/notechhtml/main-html/blog-sidebar.html]
[pixydrops.com/notechhtml/main-html/blog-sidebar-left.html]
[pixydrops.com/notechhtml/main-html/blog-details.html]
[pixydrops.com/notechhtml/main-html/contact.html]
[pixydrops.com/notechhtml/main-html/assets/images/icon/main-menu-icon-comment.png]
[pixydrops.com/notechhtml/main-html/assets/images/backgrounds/main-slider-1-1.jpg]
[pixydrops.com/notechhtml/main-html/assets/images/shapes/main-slider-shape-1.png]
[pixydrops.com/notechhtml/main-html/assets/images/shapes/main-slider-shape-2.png]
[pixydrops.com/notechhtml/main-html/assets/images/shapes/main-slider-shape-3.png]
[pixydrops.com/notechhtml/main-html/assets/images/backgrounds/main-slider-1-2.jpg]
[pixydrops.com/notechhtml/main-html/assets/images/backgrounds/main-slider-1-3.jpg]
[pixydrops.com/notechhtml/main-html/assets/images/resources/feature-1-1.jpg]
[pixydrops.com/notechhtml/main-html/assets/images/resources/feature-1-2.jpg]
[pixydrops.com/notechhtml/main-html/assets/images/resources/feature-1-3.jpg]
[pixydrops.com/notechhtml/main-html/assets/images/resources/get-to-know-img-1.jpg]
[pixydrops.com/notechhtml/main-html/assets/images/resources/get-to-know-small-img.jpg]
[pixydrops.com/notechhtml/main-html/assets/images/shapes/get-to-know-shape-1.png]
[pixydrops.com/notechhtml/main-html/assets/images/shapes/section-title-shape.png]
[pixydrops.com/notechhtml/main-html/assets/images/shapes/service-bg-1-1.png]
[pixydrops.com/notechhtml/main-html/assets/images/backgrounds/business-from-bg.jpg]
[pixydrops.com/notechhtml/main-html/assets/images/shapes/testimonial-one-shape.png]
[pixydrops.com/notechhtml/main-html/assets/images/testimonial/testimonial-1-1.jpg]
[pixydrops.com/notechhtml/main-html/assets/images/testimonial/testimonial-1-quote.png]
[pixydrops.com/notechhtml/main-html/assets/images/testimonial/testimonial-1-2.jpg]
[pixydrops.com/notechhtml/main-html/assets/images/testimonial/testimonial-1-3.jpg]
[pixydrops.com/notechhtml/main-html/assets/images/project/project-1-1.jpg]
[pixydrops.com/notechhtml/main-html/assets/images/icon/project-1-icon-1.png]
[pixydrops.com/notechhtml/main-html/assets/images/project/project-1-2.jpg]
[pixydrops.com/notechhtml/main-html/assets/images/icon/project-1-icon-2.png]
[pixydrops.com/notechhtml/main-html/assets/images/project/project-1-3.jpg]
[pixydrops.com/notechhtml/main-html/assets/images/icon/project-1-icon-3.png]
[pixydrops.com/notechhtml/main-html/assets/images/resources/tech-services-img-1.jpg]
[pixydrops.com/notechhtml/main-html/assets/images/backgrounds/funfact-bg-1-1.png]
[pixydrops.com/notechhtml/main-html/assets/images/icon/trusted-source-icon.png]
[pixydrops.com/notechhtml/main-html/assets/images/backgrounds/helping-left-bg.jpg]
[pixydrops.com/notechhtml/main-html/assets/images/shapes/helping-shape-1.png]
[pixydrops.com/notechhtml/main-html/assets/images/blog/blog-1-1.jpg]
[pixydrops.com/notechhtml/main-html/assets/images/blog/blog-1-2.jpg]
[pixydrops.com/notechhtml/main-html/assets/images/blog/blog-1-3.jpg]
[pixydrops.com/notechhtml/main-html/assets/images/dark/brand-d-1-1.png]
[pixydrops.com/notechhtml/main-html/assets/images/shapes/site-footer-shape-1.png]
[pixydrops.com/notechhtml/main-html/assets/images/shapes/site-footer-shape-2.png]
[pixydrops.com/notechhtml/main-html/assets/images/resources/footer-logo.png]
[pixydrops.com/notechhtml/main-html/assets/images/icon/footer-widget-newsletter-send-icon.png]
[pixydrops.com/notechhtml/main-html/assets/vendors/jquery/jquery-3.6.0.min.js]
[pixydrops.com/notechhtml/main-html/assets/vendors/bootstrap/js/bootstrap.bundle.min.js]
[pixydrops.com/notechhtml/main-html/assets/vendors/jarallax/jarallax.min.js]
[pixydrops.com/notechhtml/main-html/assets/vendors/jquery-ajaxchimp/jquery.ajaxchimp.min.js]
[pixydrops.com/notechhtml/main-html/assets/vendors/jquery-appear/jquery.appear.min.js]
[pixydrops.com/notechhtml/main-html/assets/vendors/jquery-circle-progress/jquery.circle-progress.min.js]
[pixydrops.com/notechhtml/main-html/assets/vendors/jquery-magnific-popup/jquery.magnific-popup.min.js]
[pixydrops.com/notechhtml/main-html/assets/vendors/jquery-validate/jquery.validate.min.js]
[pixydrops.com/notechhtml/main-html/assets/vendors/nouislider/nouislider.min.js]
[pixydrops.com/notechhtml/main-html/assets/vendors/odometer/odometer.min.js]
[pixydrops.com/notechhtml/main-html/assets/vendors/swiper/swiper.min.js]
[pixydrops.com/notechhtml/main-html/assets/vendors/tiny-slider/tiny-slider.min.js]
[pixydrops.com/notechhtml/main-html/assets/vendors/wnumb/wNumb.min.js]
[pixydrops.com/notechhtml/main-html/assets/vendors/wow/wow.js]
[pixydrops.com/notechhtml/main-html/assets/vendors/isotope/isotope.js]
[pixydrops.com/notechhtml/main-html/assets/vendors/countdown/countdown.min.js]
[pixydrops.com/notechhtml/main-html/assets/vendors/owl-carousel/owl.carousel.min.js]
[pixydrops.com/notechhtml/main-html/assets/vendors/bxslider/jquery.bxslider.min.js]
[pixydrops.com/notechhtml/main-html/assets/vendors/bootstrap-select/js/bootstrap-select.min.js]
[pixydrops.com/notechhtml/main-html/assets/vendors/vegas/vegas.min.js]
[pixydrops.com/notechhtml/main-html/assets/vendors/jquery-ui/jquery-ui.js]
[pixydrops.com/notechhtml/main-html/assets/vendors/timepicker/timePicker.js]
[pixydrops.com/notechhtml/main-html/assets/js/notech.js]
[pixydrops.com/notechhtml/main-html/assets/vendors/toolbar/js/js.cookie.min.js]
[pixydrops.com/notechhtml/main-html/assets/vendors/toolbar/js/jQuery.style.switcher.min.js]
[pixydrops.com/notechhtml/main-html/assets/vendors/toolbar/js/toolbar.js]
[pixydrops.com/notechhtml/main-html/index-dark.html]
[pixydrops.com/notechhtml/main-html/assets/vendors/bootstrap/css/bootstrap.min.css]
[pixydrops.com/notechhtml/main-html/assets/vendors/animate/animate.min.css]
[pixydrops.com/notechhtml/main-html/assets/vendors/animate/custom-animate.css]
[pixydrops.com/notechhtml/main-html/assets/vendors/fontawesome/webfonts/fa-brands-400.eot]
[pixydrops.com/notechhtml/main-html/assets/vendors/fontawesome/webfonts/fa-brands-400d41d.eot]
[pixydrops.com/notechhtml/main-html/assets/vendors/fontawesome/webfonts/fa-brands-400.woff2]
[pixydrops.com/notechhtml/main-html/assets/vendors/fontawesome/webfonts/fa-brands-400.woff]
[pixydrops.com/notechhtml/main-html/assets/vendors/fontawesome/webfonts/fa-brands-400.ttf]
[pixydrops.com/notechhtml/main-html/assets/vendors/fontawesome/webfonts/fa-brands-400.svg]
[pixydrops.com/notechhtml/main-html/assets/vendors/fontawesome/webfonts/fa-regular-400.eot]
[pixydrops.com/notechhtml/main-html/assets/vendors/fontawesome/webfonts/fa-regular-400d41d.eot]
[pixydrops.com/notechhtml/main-html/assets/vendors/fontawesome/webfonts/fa-regular-400.woff2]
[pixydrops.com/notechhtml/main-html/assets/vendors/fontawesome/webfonts/fa-regular-400.woff]
[pixydrops.com/notechhtml/main-html/assets/vendors/fontawesome/webfonts/fa-regular-400.ttf]
[pixydrops.com/notechhtml/main-html/assets/vendors/fontawesome/webfonts/fa-regular-400.svg]
[pixydrops.com/notechhtml/main-html/assets/vendors/fontawesome/webfonts/fa-solid-900.eot]
[pixydrops.com/notechhtml/main-html/assets/vendors/fontawesome/webfonts/fa-solid-900d41d.eot]
[pixydrops.com/notechhtml/main-html/assets/vendors/fontawesome/webfonts/fa-solid-900.woff2]
[pixydrops.com/notechhtml/main-html/assets/vendors/fontawesome/webfonts/fa-solid-900.woff]
[pixydrops.com/notechhtml/main-html/assets/vendors/fontawesome/webfonts/fa-solid-900.ttf]
[pixydrops.com/notechhtml/main-html/assets/vendors/fontawesome/css/all.min.css]
[pixydrops.com/notechhtml/main-html/assets/vendors/jarallax/jarallax.css]
[pixydrops.com/notechhtml/main-html/assets/vendors/jquery-magnific-popup/jquery.magnific-popup.css]
[pixydrops.com/notechhtml/main-html/assets/vendors/nouislider/nouislider.min.css]
[pixydrops.com/notechhtml/main-html/assets/vendors/nouislider/nouislider.pips.css]
[pixydrops.com/notechhtml/main-html/assets/vendors/odometer/odometer.min.css]
[pixydrops.com/notechhtml/main-html/assets/vendors/swiper/swiper.min.css]
[pixydrops.com/notechhtml/main-html/assets/vendors/fontawesome/webfonts/fa-solid-900.svg]
[pixydrops.com/notechhtml/main-html/assets/vendors/notech-icons/fonts/icomoon9f90.eot]
[pixydrops.com/notechhtml/main-html/assets/vendors/notech-icons/fonts/icomoon9f90.ttf]
[pixydrops.com/notechhtml/main-html/assets/vendors/notech-icons/fonts/icomoon9f90.woff]
[pixydrops.com/notechhtml/main-html/assets/vendors/notech-icons/style.css]
[pixydrops.com/notechhtml/main-html/assets/vendors/notech-icons/fonts/icomoon9f90.svg]
[pixydrops.com/notechhtml/main-html/assets/vendors/notech-two-icons/fonts/notech-twocb2f.eot]
[pixydrops.com/notechhtml/main-html/assets/vendors/notech-two-icons/fonts/notech-twocb2f.ttf]
[pixydrops.com/notechhtml/main-html/assets/vendors/notech-two-icons/fonts/notech-twocb2f.woff]
[pixydrops.com/notechhtml/main-html/assets/vendors/notech-two-icons/style.css]
[pixydrops.com/notechhtml/main-html/assets/vendors/tiny-slider/tiny-slider.min.css]
[pixydrops.com/notechhtml/main-html/assets/vendors/notech-two-icons/fonts/notech-twocb2f.svg]
[pixydrops.com/notechhtml/main-html/assets/vendors/reey-font/reey-regular-webfont.woff2]
[pixydrops.com/notechhtml/main-html/assets/vendors/reey-font/stylesheet.css]
[pixydrops.com/notechhtml/main-html/assets/vendors/reey-font/reey-regular-webfont.woff]
[pixydrops.com/notechhtml/main-html/assets/vendors/owl-carousel/owl.video.play.png]
[pixydrops.com/notechhtml/main-html/assets/vendors/owl-carousel/owl.carousel.min.css]
[pixydrops.com/notechhtml/main-html/assets/vendors/owl-carousel/owl.theme.default.min.css]
[pixydrops.com/notechhtml/main-html/assets/vendors/images/icon/bx_loader.gif]
[pixydrops.com/notechhtml/main-html/assets/vendors/img/bx-slider/controls.png]
[pixydrops.com/notechhtml/main-html/assets/vendors/bxslider/jquery.bxslider.css]
[pixydrops.com/notechhtml/main-html/assets/vendors/bootstrap-select/css/bootstrap-select.min.css]
[pixydrops.com/notechhtml/main-html/assets/vendors/vegas/overlays/02.png]
[pixydrops.com/notechhtml/main-html/assets/vendors/vegas/vegas.min.css]
[pixydrops.com/notechhtml/main-html/assets/vendors/jquery-ui/images/ui-bg_highlight-soft_75_cccccc_1x100.png]
[pixydrops.com/notechhtml/main-html/assets/vendors/jquery-ui/images/ui-bg_glass_75_e6e6e6_1x400.png]
[pixydrops.com/notechhtml/main-html/assets/vendors/jquery-ui/images/ui-bg_glass_75_dadada_1x400.png]
[pixydrops.com/notechhtml/main-html/assets/vendors/jquery-ui/images/ui-bg_glass_65_ffffff_1x400.png]
[pixydrops.com/notechhtml/main-html/assets/vendors/jquery-ui/images/ui-bg_glass_55_fbf9ee_1x400.png]
[pixydrops.com/notechhtml/main-html/assets/vendors/jquery-ui/images/ui-bg_glass_95_fef1ec_1x400.png]
[pixydrops.com/notechhtml/main-html/assets/vendors/jquery-ui/images/ui-icons_222222_256x240.png]
[pixydrops.com/notechhtml/main-html/assets/vendors/jquery-ui/images/ui-icons_888888_256x240.png]
[pixydrops.com/notechhtml/main-html/assets/vendors/jquery-ui/images/ui-icons_454545_256x240.png]
[pixydrops.com/notechhtml/main-html/assets/vendors/jquery-ui/images/ui-icons_2e83ff_256x240.png]
[pixydrops.com/notechhtml/main-html/assets/vendors/jquery-ui/images/ui-icons_cd0a0a_256x240.png]
[pixydrops.com/notechhtml/main-html/assets/vendors/jquery-ui/jquery-ui.css]
[pixydrops.com/notechhtml/main-html/assets/vendors/timepicker/images/ui-icons_444444_256x240.png]
[pixydrops.com/notechhtml/main-html/assets/vendors/timepicker/timePicker.css]
[pixydrops.com/notechhtml/main-html/assets/images/backgrounds/brand-logo-bg-1-1.png]
[pixydrops.com/notechhtml/main-html/assets/images/backgrounds/project-bg-1-1.png]
[pixydrops.com/notechhtml/main-html/assets/images/shapes/project-bg-1-1.png]
[pixydrops.com/notechhtml/main-html/assets/images/shapes/team-bg-1-1.png]
[pixydrops.com/notechhtml/main-html/assets/css/notech.css]
[pixydrops.com/notechhtml/main-html/assets/css/notech-responsive.css]
[pixydrops.com/notechhtml/main-html/assets/images/dark/project-bg-1-1.png]
[pixydrops.com/notechhtml/main-html/assets/images/dark/brand-logo-bg-1-1.png]
[pixydrops.com/notechhtml/main-html/assets/images/dark/team-bg-1-1-.png]
[pixydrops.com/notechhtml/main-html/assets/css/notech-dark.css]
[pixydrops.com/notechhtml/main-html/assets/vendors/toolbar/css/toolbar.css]
[pixydrops.com/notechhtml/main-html/assets/images/brand/brand-1-1.png]
[pixydrops.com/notechhtml/main-html/assets/images/brand/brand-1-2.png]
[pixydrops.com/notechhtml/main-html/assets/images/brand/brand-1-3.png]
[pixydrops.com/notechhtml/main-html/assets/images/brand/brand-1-4.png]
[pixydrops.com/notechhtml/main-html/assets/images/brand/brand-1-5.png]
[pixydrops.com/notechhtml/main-html/index.html]
[pixydrops.com/notechhtml/main-html/index-one-page.html]
[pixydrops.com/notechhtml/main-html/assets/images/backgrounds/main-slider-2-1.jpg]
[pixydrops.com/notechhtml/main-html/assets/images/shapes/main-slider-two-shape-1.png]
[pixydrops.com/notechhtml/main-html/assets/images/shapes/main-slider-two-shape-2.png]
[pixydrops.com/notechhtml/main-html/assets/images/backgrounds/main-slider-2-2.jpg]
[pixydrops.com/notechhtml/main-html/assets/images/backgrounds/main-slider-2-3.jpg]
[pixydrops.com/notechhtml/main-html/assets/images/resources/delivering-it-img-1.jpg]
[pixydrops.com/notechhtml/main-html/assets/images/resources/delivering-it-img-2.jpg]
[pixydrops.com/notechhtml/main-html/assets/images/resources/delivering-it-img-3.jpg]
[pixydrops.com/notechhtml/main-html/assets/images/resources/trusted-company-img-1.jpg]
[pixydrops.com/notechhtml/main-html/assets/images/resources/trusted-company-person-img.jpg]
[pixydrops.com/notechhtml/main-html/assets/images/resources/why-choose-one-points-img.jpg]
[pixydrops.com/notechhtml/main-html/assets/images/backgrounds/cta-one-bg.jpg]
[pixydrops.com/notechhtml/main-html/assets/images/project/project-2-1.jpg]
[pixydrops.com/notechhtml/main-html/assets/images/project/project-2-2.jpg]
[pixydrops.com/notechhtml/main-html/assets/images/project/project-2-3.jpg]
[pixydrops.com/notechhtml/main-html/assets/images/project/project-2-4.jpg]
[pixydrops.com/notechhtml/main-html/assets/images/backgrounds/tech-bg-1-1.jpg]
[pixydrops.com/notechhtml/main-html/assets/images/shapes/we-stand-shape.png]
[pixydrops.com/notechhtml/main-html/assets/images/resources/business-from-two-img.jpg]
[pixydrops.com/notechhtml/main-html/assets/images/backgrounds/business-from-two-bg.jpg]
[pixydrops.com/notechhtml/main-html/assets/images/icon/testimonial-two-icon.png]
[pixydrops.com/notechhtml/main-html/assets/images/testimonial/testimonial-2-1.jpg]
[pixydrops.com/notechhtml/main-html/assets/images/shapes/testimonial-two-shape.png]
[pixydrops.com/notechhtml/main-html/assets/images/testimonial/testimonial-2-2.jpg]
[pixydrops.com/notechhtml/main-html/assets/images/testimonial/testimonial-2-3.jpg]
[pixydrops.com/notechhtml/main-html/assets/images/blog/blog-2-1.jpg]
[pixydrops.com/notechhtml/main-html/assets/images/blog/blog-2-2.jpg]
[pixydrops.com/notechhtml/main-html/assets/images/blog/blog-2-3.jpg]
[pixydrops.com/notechhtml/main-html/index2.html]
[pixydrops.com/notechhtml/main-html/index2-one-page.html]
[pixydrops.com/notechhtml/main-html/assets/images/resources/logo-3.png]
[pixydrops.com/notechhtml/main-html/assets/images/icon/main-menu-icon-comment-2.png]
[pixydrops.com/notechhtml/main-html/assets/images/backgrounds/main-slider-three-bg.png]
[pixydrops.com/notechhtml/main-html/assets/images/shapes/main-slider-three-shape-1.png]
[pixydrops.com/notechhtml/main-html/assets/images/shapes/main-slider-three-shadow.png]
[pixydrops.com/notechhtml/main-html/assets/images/resources/main-slider-three-img-1.jpg]
[pixydrops.com/notechhtml/main-html/assets/images/resources/main-slider-three-img-2.jpg]
[pixydrops.com/notechhtml/main-html/assets/images/resources/main-slider-three-img-3.jpg]
[pixydrops.com/notechhtml/main-html/assets/images/services/services-3-1.jpg]
[pixydrops.com/notechhtml/main-html/assets/images/services/services-3-2.jpg]
[pixydrops.com/notechhtml/main-html/assets/images/services/services-3-3.jpg]
[pixydrops.com/notechhtml/main-html/assets/images/services/services-3-4.jpg]
[pixydrops.com/notechhtml/main-html/assets/images/backgrounds/welcome-content-bg-1.jpg]
[pixydrops.com/notechhtml/main-html/assets/images/backgrounds/welcome-content-bg-2.jpg]
[pixydrops.com/notechhtml/main-html/assets/images/resources/consult-img-1.jpg]
[pixydrops.com/notechhtml/main-html/assets/images/team/team-1-1.jpg]
[pixydrops.com/notechhtml/main-html/assets/images/shapes/team-one-shape.png]
[pixydrops.com/notechhtml/main-html/assets/images/team/team-1-2.jpg]
[pixydrops.com/notechhtml/main-html/assets/images/team/team-1-3.jpg]
[pixydrops.com/notechhtml/main-html/assets/images/resources/notech-more-img-1.jpg]
[pixydrops.com/notechhtml/main-html/index3.html]
[pixydrops.com/notechhtml/main-html/index3-one-page.html]
[pixydrops.com/notechhtml/main-html/assets/images/backgrounds/page-header-bg.jpg]
[pixydrops.com/notechhtml/main-html/about.html]
[pixydrops.com/notechhtml/main-html/assets/images/resources/we-help__img.png]
[pixydrops.com/notechhtml/main-html/assets/images/team/team-1-4.jpg]
[pixydrops.com/notechhtml/main-html/assets/images/team/team-1-5.jpg]
[pixydrops.com/notechhtml/main-html/assets/images/team/team-1-6.jpg]
[pixydrops.com/notechhtml/main-html/team.html]
[pixydrops.com/notechhtml/main-html/team-carousel.html]
[pixydrops.com/notechhtml/main-html/assets/images/team/team-details-top-img.jpg]
[pixydrops.com/notechhtml/main-html/assets/images/backgrounds/message-one-bg.jpg]
[pixydrops.com/notechhtml/main-html/assets/images/brand/brand-5-1.png]
[pixydrops.com/notechhtml/main-html/assets/images/brand/brand-5-2.png]
[pixydrops.com/notechhtml/main-html/assets/images/brand/brand-5-3.png]
[pixydrops.com/notechhtml/main-html/assets/images/brand/brand-5-4.png]
[pixydrops.com/notechhtml/main-html/assets/images/brand/brand-5-5.png]
[pixydrops.com/notechhtml/main-html/team-details.html]
[pixydrops.com/notechhtml/main-html/assets/images/icon/pricing-icon-1.png]
[pixydrops.com/notechhtml/main-html/assets/images/icon/pricing-icon-2.png]
[pixydrops.com/notechhtml/main-html/assets/images/icon/pricing-icon-3.png]
[pixydrops.com/notechhtml/main-html/assets/images/resources/why-choose-two-img.jpg]
[pixydrops.com/notechhtml/main-html/pricing.html]
[pixydrops.com/notechhtml/main-html/assets/images/testimonial/testimonial-2-4.jpg]
[pixydrops.com/notechhtml/main-html/assets/images/testimonial/testimonial-2-5.jpg]
[pixydrops.com/notechhtml/main-html/assets/images/testimonial/testimonial-2-6.jpg]
[pixydrops.com/notechhtml/main-html/testimonial.html]
[pixydrops.com/notechhtml/main-html/testimonials-carousel.html]
[pixydrops.com/notechhtml/main-html/assets/images/gallery/gallery-page-1.jpg]
[pixydrops.com/notechhtml/main-html/assets/images/gallery/gallery-page-2.jpg]
[pixydrops.com/notechhtml/main-html/assets/images/gallery/gallery-page-3.jpg]
[pixydrops.com/notechhtml/main-html/assets/images/gallery/gallery-page-4.jpg]
[pixydrops.com/notechhtml/main-html/assets/images/gallery/gallery-page-5.jpg]
[pixydrops.com/notechhtml/main-html/assets/images/gallery/gallery-page-6.jpg]
[pixydrops.com/notechhtml/main-html/assets/images/gallery/gallery-page-7.jpg]
[pixydrops.com/notechhtml/main-html/assets/images/gallery/gallery-page-8.jpg]
[pixydrops.com/notechhtml/main-html/assets/images/gallery/gallery-page-9.jpg]
[pixydrops.com/notechhtml/main-html/gallery.html]
[pixydrops.com/notechhtml/main-html/gallery-carousel.html]
[pixydrops.com/notechhtml/main-html/assets/images/icon/thm-feature.png]
[pixydrops.com/notechhtml/main-html/assets/images/icon/gen-inqires.png]
[pixydrops.com/notechhtml/main-html/assets/images/icon/payment.png]
[pixydrops.com/notechhtml/main-html/assets/images/icon/account.png]
[pixydrops.com/notechhtml/main-html/assets/images/icon/ligal-info.png]
[pixydrops.com/notechhtml/main-html/faq.html]
[pixydrops.com/notechhtml/main-html/assets/images/shapes/error-page-shape.png]
[pixydrops.com/notechhtml/main-html/404.html]
[pixydrops.com/notechhtml/main-html/services.html]
[pixydrops.com/notechhtml/main-html/assets/images/resources/feature-1-4.jpg]
[pixydrops.com/notechhtml/main-html/assets/images/resources/feature-1-5.jpg]
[pixydrops.com/notechhtml/main-html/assets/images/resources/feature-1-6.jpg]
[pixydrops.com/notechhtml/main-html/services2.html]
[pixydrops.com/notechhtml/main-html/assets/images/shapes/welcome-two-shape-4.png]
[pixydrops.com/notechhtml/main-html/assets/images/resources/welcome-two-img-1.png]
[pixydrops.com/notechhtml/main-html/assets/images/shapes/welcome-two__shadow.png]
[pixydrops.com/notechhtml/main-html/assets/images/resources/feature-2-1.jpg]
[pixydrops.com/notechhtml/main-html/assets/images/resources/feature-2-2.jpg]
[pixydrops.com/notechhtml/main-html/assets/images/resources/feature-2-3.jpg]
[pixydrops.com/notechhtml/main-html/services3.html]
[pixydrops.com/notechhtml/main-html/assets/images/resources/welcome-three-img-1.png]
[pixydrops.com/notechhtml/main-html/assets/images/shapes/welcome-three-shape-3.png]
[pixydrops.com/notechhtml/main-html/services4.html]
[pixydrops.com/notechhtml/main-html/service2-carousel.html]
[pixydrops.com/notechhtml/main-html/assets/images/backgrounds/service-details-need-help-bg.jpg]
[pixydrops.com/notechhtml/main-html/assets/images/icon/service-details-need-help-icon.png]
[pixydrops.com/notechhtml/main-html/assets/images/services/service-details-img-1.jpg]
[pixydrops.com/notechhtml/main-html/assets/images/services/service-details-benefits-img.jpg]
[pixydrops.com/notechhtml/main-html/product-development.html]
[pixydrops.com/notechhtml/main-html/assets/images/services/service-details-img-2.jpg]
[pixydrops.com/notechhtml/main-html/ui-ux-designing.html]
[pixydrops.com/notechhtml/main-html/assets/images/services/service-details-img-3.jpg]
[pixydrops.com/notechhtml/main-html/digital-marketing.html]
[pixydrops.com/notechhtml/main-html/assets/images/services/service-details-img-4.jpg]
[pixydrops.com/notechhtml/main-html/content-management.html]
[pixydrops.com/notechhtml/main-html/assets/images/services/service-details-img-5.jpg]
[pixydrops.com/notechhtml/main-html/data-analysis.html]
[pixydrops.com/notechhtml/main-html/assets/images/project/project-1-4.jpg]
[pixydrops.com/notechhtml/main-html/assets/images/icon/project-1-icon-4.png]
[pixydrops.com/notechhtml/main-html/assets/images/project/project-1-5.jpg]
[pixydrops.com/notechhtml/main-html/assets/images/icon/project-1-icon-5.png]
[pixydrops.com/notechhtml/main-html/assets/images/project/project-1-6.jpg]
[pixydrops.com/notechhtml/main-html/assets/images/icon/project-1-icon-6.png]
[pixydrops.com/notechhtml/main-html/projects-page-1.html]
[pixydrops.com/notechhtml/main-html/project-carousel-1.html]
[pixydrops.com/notechhtml/main-html/assets/images/project/project-page-2-1.jpg]
[pixydrops.com/notechhtml/main-html/assets/images/project/project-page-2-2.jpg]
[pixydrops.com/notechhtml/main-html/assets/images/project/project-page-2-3.jpg]
[pixydrops.com/notechhtml/main-html/assets/images/project/project-page-2-4.jpg]
[pixydrops.com/notechhtml/main-html/assets/images/project/project-page-2-5.jpg]
[pixydrops.com/notechhtml/main-html/assets/images/project/project-page-2-6.jpg]
[pixydrops.com/notechhtml/main-html/projects-page-2.html]
[pixydrops.com/notechhtml/main-html/project-carousel-2.html]
[pixydrops.com/notechhtml/main-html/assets/images/project/project-details-img.jpg]
[pixydrops.com/notechhtml/main-html/assets/images/project/project-details-points-img.jpg]
[pixydrops.com/notechhtml/main-html/project-details.html]
[pixydrops.com/notechhtml/main-html/assets/vendors/nice-select/nice-select.css]
[pixydrops.com/notechhtml/main-html/assets/images/shop/shop-product-1-1.jpg]
[pixydrops.com/notechhtml/main-html/assets/images/shop/shop-product-1-2.jpg]
[pixydrops.com/notechhtml/main-html/assets/images/shop/shop-product-1-3.jpg]
[pixydrops.com/notechhtml/main-html/assets/images/shop/shop-product-1-4.jpg]
[pixydrops.com/notechhtml/main-html/assets/images/shop/shop-product-1-5.jpg]
[pixydrops.com/notechhtml/main-html/assets/images/shop/shop-product-1-6.jpg]
[pixydrops.com/notechhtml/main-html/assets/images/shop/shop-product-1-7.jpg]
[pixydrops.com/notechhtml/main-html/assets/images/shop/shop-product-1-8.jpg]
[pixydrops.com/notechhtml/main-html/assets/images/shop/shop-product-1-9.jpg]
[pixydrops.com/notechhtml/main-html/products.html]
[pixydrops.com/notechhtml/main-html/assets/vendors/nice-select/jquery.nice-select.min.js]
[pixydrops.com/notechhtml/main-html/assets/images/shop/product-details-img-1.jpg]
[pixydrops.com/notechhtml/main-html/assets/images/shop/review-1-1.jpg]
[pixydrops.com/notechhtml/main-html/assets/images/shop/review-1-2.jpg]
[pixydrops.com/notechhtml/main-html/product-details.html]
[pixydrops.com/notechhtml/main-html/assets/images/shop/cart-page-img-1.jpg]
[pixydrops.com/notechhtml/main-html/assets/images/shop/cart-page-img-2.jpg]
[pixydrops.com/notechhtml/main-html/cart.html]
[pixydrops.com/notechhtml/main-html/assets/images/shop/paypal-1.jpg]
[pixydrops.com/notechhtml/main-html/checkout.html]
[pixydrops.com/notechhtml/main-html/assets/images/blog/blog-1-4.jpg]
[pixydrops.com/notechhtml/main-html/assets/images/blog/blog-1-5.jpg]
[pixydrops.com/notechhtml/main-html/assets/images/blog/blog-1-6.jpg]
[pixydrops.com/notechhtml/main-html/blog.html]
[pixydrops.com/notechhtml/main-html/blog-carousel.html]
[pixydrops.com/notechhtml/main-html/assets/images/blog/blog-sidebar-img-1.jpg]
[pixydrops.com/notechhtml/main-html/assets/images/blog/blog-sidebar-img-2.jpg]
[pixydrops.com/notechhtml/main-html/assets/images/blog/blog-sidebar-img-3.jpg]
[pixydrops.com/notechhtml/main-html/assets/images/icon/blog-sidebar-bottom-box-icon.png]
[pixydrops.com/notechhtml/main-html/assets/images/icon/blog-sidebar__delivering-services-icon.png]
[pixydrops.com/notechhtml/main-html/assets/images/blog/lp-1-1.jpg]
[pixydrops.com/notechhtml/main-html/assets/images/blog/lp-1-2.jpg]
[pixydrops.com/notechhtml/main-html/assets/images/blog/lp-1-3.jpg]
[pixydrops.com/notechhtml/main-html/blog-sidebar.html]
[pixydrops.com/notechhtml/main-html/blog-sidebar-left.html]
[pixydrops.com/notechhtml/main-html/assets/images/blog/blog-details-img-1.jpg]
[pixydrops.com/notechhtml/main-html/assets/images/blog/comment-1-1.jpg]
[pixydrops.com/notechhtml/main-html/assets/images/blog/comment-1-2.jpg]
[pixydrops.com/notechhtml/main-html/blog-details.html]
[pixydrops.com/notechhtml/main-html/assets/images/resources/contact-details-img.jpg]
[pixydrops.com/notechhtml/main-html/contact.html]
[pixydrops.com/notechhtml/main-html/assets/vendors/jquery/jquery-3.6.0.min.js]
[pixydrops.com/notechhtml/main-html/assets/vendors/bootstrap/js/bootstrap.bundle.min.js]
[pixydrops.com/notechhtml/main-html/assets/vendors/jarallax/jarallax.min.js]
[pixydrops.com/notechhtml/main-html/assets/vendors/jquery-ajaxchimp/jquery.ajaxchimp.min.js]
[pixydrops.com/notechhtml/main-html/assets/vendors/jquery-appear/jquery.appear.min.js]
[pixydrops.com/notechhtml/main-html/assets/vendors/jquery-circle-progress/jquery.circle-progress.min.js]
[pixydrops.com/notechhtml/main-html/assets/vendors/jquery-magnific-popup/jquery.magnific-popup.min.js]
[pixydrops.com/notechhtml/main-html/assets/vendors/jquery-validate/jquery.validate.min.js]
[pixydrops.com/notechhtml/main-html/assets/vendors/nouislider/nouislider.min.js]
[pixydrops.com/notechhtml/main-html/assets/vendors/odometer/odometer.min.js]
[pixydrops.com/notechhtml/main-html/assets/vendors/swiper/swiper.min.js]
[pixydrops.com/notechhtml/main-html/Trident/index.html]
[pixydrops.com/notechhtml/main-html/assets/vendors/tiny-slider/tiny-slider.min.js]
[pixydrops.com/notechhtml/main-html/Edge/index.html]
[pixydrops.com/notechhtml/main-html/assets/vendors/wnumb/wNumb.min.js]
[pixydrops.com/notechhtml/main-html/Gecko/index.html]
[pixydrops.com/notechhtml/main-html/assets/vendors/wow/wow.js]
[pixydrops.com/notechhtml/main-html/assets/vendors/isotope/isotope.js]
[pixydrops.com/notechhtml/main-html/Firefox/index.html]
[pixydrops.com/notechhtml/main-html/Version/index.html]
[pixydrops.com/notechhtml/main-html/version/index-2.html]
[pixydrops.com/notechhtml/main-html/countdown.js]
[pixydrops.com/notechhtml/main-html/assets/vendors/countdown/countdown.min.js]
[pixydrops.com/notechhtml/main-html/assets/vendors/owl-carousel/owl.carousel.min.js]
[pixydrops.com/notechhtml/main-html/assets/vendors/bxslider/jquery.bxslider.min.js]
[pixydrops.com/notechhtml/main-html/assets/vendors/bootstrap-select/js/bootstrap-select.min.js]
[pixydrops.com/notechhtml/main-html/assets/vendors/vegas/vegas.min.js]
[pixydrops.com/notechhtml/main-html/assets/vendors/jquery-ui/jquery-ui.js]
[pixydrops.com/notechhtml/main-html/assets/vendors/timepicker/timePicker.js]
[pixydrops.com/notechhtml/main-html/assets/js/notech.js]
[pixydrops.com/notechhtml/main-html/assets/vendors/toolbar/js/js.cookie.min.js]
[pixydrops.com/notechhtml/main-html/assets/vendors/toolbar/js/jQuery.style.switcher.min.js]
[pixydrops.com/notechhtml/main-html/assets/vendors/toolbar/js/toolbar.js]
[pixydrops.com/notechhtml/main-html/assets/vendors/fontawesome/webfonts/fa-brands-400.svg]
[pixydrops.com/notechhtml/main-html/assets/vendors/fontawesome/webfonts/fa-regular-400.svg]
[pixydrops.com/notechhtml/main-html/assets/vendors/fontawesome/webfonts/fa-solid-900.svg]
[pixydrops.com/notechhtml/main-html/assets/vendors/notech-icons/fonts/icomoon9f90.svg]
[pixydrops.com/notechhtml/main-html/assets/vendors/notech-two-icons/fonts/notech-twocb2f.svg]
[pixydrops.com/notechhtml/main-html/assets/vendors/owl-carousel/owl.video.play.html]
[pixydrops.com/notechhtml/main-html/assets/vendors/images/icon/bx_loader.html]
[pixydrops.com/notechhtml/main-html/assets/vendors/img/bx-slider/controls.html]
[pixydrops.com/notechhtml/main-html/assets/vendors/vegas/overlays/02.html]
[pixydrops.com/notechhtml/main-html/assets/vendors/timepicker/images/ui-icons_444444_256x240.html]
[pixydrops.com/notechhtml/main-html/assets/css/notech-light.css]
[pixydrops.com/notechhtml/main-html/assets/vendors/nice-select/nice-select.css]
[pixydrops.com/notechhtml/main-html/assets/vendors/nice-select/jquery.nice-select.min.js]
[pixydrops.com/notechhtml/main-html/Trident/index.html]
[pixydrops.com/notechhtml/main-html/Edge/index.html]
[pixydrops.com/notechhtml/main-html/Gecko/index.html]
[pixydrops.com/notechhtml/main-html/Firefox/index.html]
[pixydrops.com/notechhtml/main-html/Version/index.html]
[pixydrops.com/notechhtml/main-html/version/index-2.html]
[pixydrops.com/notechhtml/main-html/countdown.html]
